// Jest Snapshot v1, https://goo.gl/fbAQLP

exports[`UserIcon component should match snapshot 1`] = `
<div
  className="UserIcon undefined undefined"
/>
`;
