// Jest Snapshot v1, https://goo.gl/fbAQLP

exports[`UserRank component should match snapshot 1`] = `
<div
  className="UserRank"
>
  <Registration
    onLogin={[Function]}
  />
</div>
`;
