// Jest Snapshot v1, https://goo.gl/fbAQLP

exports[`AdminEvents component should match snapshot 1`] = `
<div
  className="AdminEvents"
/>
`;
