// Jest Snapshot v1, https://goo.gl/fbAQLP

exports[`ErrorMessage component should match snapshot 1`] = `
<div
  className="ErrorMessage undefined"
/>
`;
